// Jest Snapshot v1, https://goo.gl/fbAQLP

exports[`components/TextDismissableBar should match snapshot 1`] = `""`;

exports[`components/TextDismissableBar should match snapshot, with an internal and an external link 1`] = `""`;

exports[`components/TextDismissableBar should match snapshot, with an internal url 1`] = `""`;

exports[`components/TextDismissableBar should match snapshot, with ean external url 1`] = `""`;

exports[`components/TextDismissableBar should match snapshot, with link but without siteURL 1`] = `""`;
